// Jest Snapshot v1, https://goo.gl/fbAQLP

exports[`HeaderNotLoggedInContainer can be rendered correctly 1`] = `
<div
  className="navbar-brand"
  style={Object {}}
>
  <a
    className="navbar-item"
    style={Object {}}
  >
    <button
      className="is-primary button"
      disabled={false}
      id="login-button"
      onClick={[Function]}
      style={Object {}}
      tabIndex={0}
    >
      Log in
    </button>
  </a>
</div>
`;
