// Jest Snapshot v1, https://goo.gl/fbAQLP

exports[`DeviationsBrowseList can be rendered correctly 1`] = `
<Section
  className=""
  renderAs="section"
  size={null}
  style={Object {}}
>
  <Container
    breakpoint={null}
    fluid={false}
    renderAs="div"
    style={Object {}}
  >
    <DeviationsPreview
      comments={3}
      downloads={4}
      favourites={2}
      id="1"
      key="1"
      preview={
        Object {
          "height": 1,
          "src": "/path/to/thumbnail/1",
          "width": 2,
        }
      }
      selected={false}
      title="Deviation 1"
      toggleSelectionHandler={[Function]}
      url="/path/to/deviation/1"
      views={1}
    />
    <DeviationsPreview
      comments={3}
      downloads={4}
      favourites={2}
      id="2"
      key="2"
      preview={
        Object {
          "height": 1,
          "src": "/path/to/thumbnail/2",
          "width": 2,
        }
      }
      selected={true}
      title="Deviation 2"
      toggleSelectionHandler={[Function]}
      url="/path/to/deviation/2"
      views={1}
    />
    <DeviationsPreview
      comments={3}
      downloads={4}
      favourites={2}
      id="3"
      key="3"
      preview={
        Object {
          "height": 1,
          "src": "/path/to/thumbnail/3",
          "width": 2,
        }
      }
      selected={true}
      title="Deviation 3"
      toggleSelectionHandler={[Function]}
      url="/path/to/deviation/3"
      views={1}
    />
    <DeviationsPreview
      comments={3}
      downloads={4}
      favourites={2}
      id="4"
      key="4"
      preview={
        Object {
          "height": 1,
          "src": "/path/to/thumbnail/4",
          "width": 2,
        }
      }
      selected={false}
      title="Deviation 4"
      toggleSelectionHandler={[Function]}
      url="/path/to/deviation/4"
      views={1}
    />
  </Container>
</Section>
`;
